[11:20:39] [main/INFO] (FabricLoader/GameProvider) Loading Minecraft 1.20.1 with Fabric Loader 0.15.11
[11:20:40] [main/INFO] (FabricLoader) Loading 60 mods:
	- fabric-api 0.92.2+1.20.1
	- fabric-api-base 0.4.31+1802ada577
	- fabric-api-lookup-api-v1 1.6.36+1802ada577
	- fabric-biome-api-v1 13.0.13+1802ada577
	- fabric-block-api-v1 1.0.11+1802ada577
	- fabric-block-view-api-v2 1.0.1+1802ada577
	- fabric-blockrenderlayer-v1 1.1.41+1802ada577
	- fabric-client-tags-api-v1 1.1.2+1802ada577
	- fabric-command-api-v1 1.2.34+f71b366f77
	- fabric-command-api-v2 2.2.13+1802ada577
	- fabric-commands-v0 0.2.51+df3654b377
	- fabric-containers-v0 0.1.64+df3654b377
	- fabric-content-registries-v0 4.0.11+1802ada577
	- fabric-convention-tags-v1 1.5.5+1802ada577
	- fabric-crash-report-info-v1 0.2.19+1802ada577
	- fabric-data-attachment-api-v1 1.0.0+de0fd6d177
	- fabric-data-generation-api-v1 12.3.4+1802ada577
	- fabric-dimensions-v1 2.1.54+1802ada577
	- fabric-entity-events-v1 1.6.0+1c78457f77
	- fabric-events-interaction-v0 0.6.2+1802ada577
	- fabric-events-lifecycle-v0 0.2.63+df3654b377
	- fabric-game-rule-api-v1 1.0.40+1802ada577
	- fabric-gametest-api-v1 1.2.13+1802ada577
	- fabric-item-api-v1 2.1.28+1802ada577
	- fabric-item-group-api-v1 4.0.12+1802ada577
	- fabric-key-binding-api-v1 1.0.37+1802ada577
	- fabric-keybindings-v0 0.2.35+df3654b377
	- fabric-lifecycle-events-v1 2.2.22+1802ada577
	- fabric-loot-api-v2 1.2.1+1802ada577
	- fabric-loot-tables-v1 1.1.45+9e7660c677
	- fabric-message-api-v1 5.1.9+1802ada577
	- fabric-mining-level-api-v1 2.1.50+1802ada577
	- fabric-model-loading-api-v1 1.0.3+1802ada577
	- fabric-models-v0 0.4.2+9386d8a777
	- fabric-networking-api-v1 1.3.11+1802ada577
	- fabric-networking-v0 0.3.51+df3654b377
	- fabric-object-builder-api-v1 11.1.3+1802ada577
	- fabric-particles-v1 1.1.2+1802ada577
	- fabric-recipe-api-v1 1.0.21+1802ada577
	- fabric-registry-sync-v0 2.3.3+1802ada577
	- fabric-renderer-api-v1 3.2.1+1802ada577
	- fabric-renderer-indigo 1.5.2+85287f9f77
	- fabric-renderer-registries-v1 3.2.46+df3654b377
	- fabric-rendering-data-attachment-v1 0.3.37+92a0d36777
	- fabric-rendering-fluids-v1 3.0.28+1802ada577
	- fabric-rendering-v0 1.1.49+df3654b377
	- fabric-rendering-v1 3.0.8+1802ada577
	- fabric-resource-conditions-api-v1 2.3.8+1802ada577
	- fabric-resource-loader-v0 0.11.10+1802ada577
	- fabric-screen-api-v1 2.0.8+1802ada577
	- fabric-screen-handler-api-v1 1.3.30+1802ada577
	- fabric-sound-api-v1 1.0.13+1802ada577
	- fabric-transfer-api-v1 3.3.5+8dd72ea377
	- fabric-transitive-access-wideners-v1 4.3.1+1802ada577
	- fabricloader 0.15.11
	- java 21
	- minecraft 1.20.1
	- mixinextras 0.3.5
	- modmenu 7.2.2
	- nebula 0.1.0
[11:20:41] [main/INFO] (FabricLoader/Mixin) SpongePowered MIXIN Subsystem Version=0.8.5 Source=file:/home/silvaxguilhermezl03/.gradle/caches/modules-2/files-2.1/net.fabricmc/sponge-mixin/0.13.3+mixin.0.8.5/9527e6b0d2449408958fd1302594dc65ec5ade9c/sponge-mixin-0.13.3+mixin.0.8.5.jar Service=Knot/Fabric Env=CLIENT
[11:20:42] [main/INFO] (FabricLoader/Mixin) Loaded Fabric development mappings for mixin remapper!
[11:20:42] [main/INFO] (FabricLoader/Mixin) Compatibility level set to JAVA_16
[11:20:42] [main/INFO] (FabricLoader/Mixin) Compatibility level set to JAVA_17
[11:20:47] [main/INFO] (FabricLoader/MixinExtras|Service) Initializing MixinExtras via com.llamalad7.mixinextras.service.MixinExtrasServiceImpl(version=0.3.5).
[11:21:09] [Datafixer Bootstrap/INFO] (Minecraft) 188 Datafixer optimizations took 996 milliseconds
[11:21:17] [Render thread/INFO] (Minecraft) Environment: authHost='https://authserver.mojang.com', accountsHost='https://api.mojang.com', sessionHost='https://sessionserver.mojang.com', servicesHost='https://api.minecraftservices.com', name='PROD'
[11:21:18] [Render thread/ERROR] (Minecraft) Failed to verify authentication
com.mojang.authlib.exceptions.InvalidCredentialsException: Status: 401
	at com.mojang.authlib.exceptions.MinecraftClientHttpException.toAuthenticationException(MinecraftClientHttpException.java:56) ~[authlib-4.0.43.jar:?]
	at com.mojang.authlib.yggdrasil.YggdrasilUserApiService.fetchProperties(YggdrasilUserApiService.java:156) ~[authlib-4.0.43.jar:?]
	at com.mojang.authlib.yggdrasil.YggdrasilUserApiService.<init>(YggdrasilUserApiService.java:55) ~[authlib-4.0.43.jar:?]
	at com.mojang.authlib.yggdrasil.YggdrasilAuthenticationService.createUserApiService(YggdrasilAuthenticationService.java:124) ~[authlib-4.0.43.jar:?]
	at net.minecraft.client.MinecraftClient.createUserApiService(MinecraftClient.java:733) ~[minecraft-merged-7787b014d4-1.20.1-net.fabricmc.yarn.1_20_1.1.20.1+build.10-v2.jar:?]
	at net.minecraft.client.MinecraftClient.<init>(MinecraftClient.java:442) ~[minecraft-merged-7787b014d4-1.20.1-net.fabricmc.yarn.1_20_1.1.20.1+build.10-v2.jar:?]
	at net.minecraft.client.main.Main.main(Main.java:211) ~[minecraft-merged-7787b014d4-1.20.1-net.fabricmc.yarn.1_20_1.1.20.1+build.10-v2.jar:?]
	at net.fabricmc.loader.impl.game.minecraft.MinecraftGameProvider.launch(MinecraftGameProvider.java:470) ~[fabric-loader-0.15.11.jar:?]
	at net.fabricmc.loader.impl.launch.knot.Knot.launch(Knot.java:74) ~[fabric-loader-0.15.11.jar:?]
	at net.fabricmc.loader.impl.launch.knot.KnotClient.main(KnotClient.java:23) ~[fabric-loader-0.15.11.jar:?]
	at net.fabricmc.devlaunchinjector.Main.main(Main.java:86) ~[dev-launch-injector-0.2.1+build.8.jar:?]
Caused by: com.mojang.authlib.exceptions.MinecraftClientHttpException: Status: 401
	at com.mojang.authlib.minecraft.client.MinecraftClient.readInputStream(MinecraftClient.java:85) ~[authlib-4.0.43.jar:?]
	at com.mojang.authlib.minecraft.client.MinecraftClient.get(MinecraftClient.java:48) ~[authlib-4.0.43.jar:?]
	at com.mojang.authlib.yggdrasil.YggdrasilUserApiService.fetchProperties(YggdrasilUserApiService.java:129) ~[authlib-4.0.43.jar:?]
	... 9 more
[11:21:19] [Render thread/INFO] (Minecraft) Setting user: Player154
[11:21:19] [Render thread/INFO] (Minecraft) [STDOUT]: [Nebula] Mod inicializando...
[11:21:19] [Render thread/INFO] (Minecraft) [STDOUT]: [Nebula] 💻 Comando /nebula registrado!
[11:21:19] [Render thread/INFO] (Minecraft) [STDOUT]: [Nebula] ✅ Nebula Mod inicializado!
[11:21:19] [Render thread/INFO] (Minecraft) [STDOUT]: [Nebula] 💡 Use /nebula para abrir as configurações!
[11:21:19] [Render thread/INFO] (Minecraft) [STDOUT]: [Nebula] 💡 Ou clique no ícone do ModMenu!
[11:21:19] [Render thread/INFO] (Indigo) [Indigo] Registering Indigo renderer!
[11:21:20] [Worker-Main-1/INFO] (Mod Menu/Update Checker) Checking mod updates...
[11:21:21] [Render thread/INFO] (Minecraft) [STDOUT]: [Nebula] Cliente inicializando...
[11:21:21] [Render thread/INFO] (Minecraft) [STDOUT]: [Nebula] Configurações carregadas!
[11:21:21] [Render thread/INFO] (Minecraft) [STDOUT]: [Nebula] 📚 NebulaAPI (lib) inicializada!
[11:21:21] [Render thread/INFO] (Minecraft) [STDOUT]: 🎨 [Nebula] Shader Manager inicializado com 4 presets.
[11:21:21] [Render thread/INFO] (Minecraft) [STDOUT]: [Nebula] 🖥️ Perfil detectado: Low-End (2 núcleos, 688MB heap)
[11:21:21] [Render thread/INFO] (Minecraft) [STDOUT]: [Nebula] ===============================
[11:21:21] [Render thread/INFO] (Minecraft) [STDOUT]: [Nebula] Starting Nebula Engine...
[11:21:21] [Render thread/INFO] (Minecraft) [STDOUT]: [Nebula] ===============================
[11:21:21] [Render thread/INFO] (Minecraft) [STDOUT]: 💤 [Nebula] Smart AFK Detection inicializado!
[11:21:21] [Render thread/INFO] (Minecraft) [STDOUT]: 🎯 [Nebula] Adaptive Entity LOD inicializado!
[11:21:21] [Render thread/INFO] (Minecraft) [STDOUT]: 👻 [Nebula] Anti-Ghost Block inicializado!
[11:21:21] [Render thread/INFO] (Minecraft) [STDOUT]: 🔊 [Nebula] Audio Optimizer inicializado!
[11:21:21] [Render thread/INFO] (Minecraft) [STDOUT]: 🎯 [Nebula] Auto-Optimizer inicializado!
[11:21:21] [Render thread/INFO] (Minecraft) [STDOUT]: 📈 [Nebula] Auto-Tuner inicializado!
[11:21:21] [Render thread/INFO] (Minecraft) [STDOUT]: 📈 [Nebula] Hardware detectado:
[11:21:21] [Render thread/INFO] (Minecraft) [STDOUT]: 📈 [Nebula]   Processadores: 2
[11:21:21] [Render thread/INFO] (Minecraft) [STDOUT]: 📈 [Nebula]   Memória máxima: 688 MB
[11:21:21] [Render thread/INFO] (Minecraft) [STDOUT]: 📈 [Nebula] Perfil de hardware: low
[11:21:21] [Render thread/INFO] (Minecraft) [STDOUT]: 🔋 [Nebula] Battery Saver inicializado!
[11:21:21] [Render thread/INFO] (Minecraft) [STDOUT]: 🔍 [Nebula] Bottleneck Detector inicializado!
[11:21:21] [Render thread/INFO] (Minecraft) [STDOUT]: 🗺️ [Nebula] Chunk Loader Optimizer inicializado!
[11:21:21] [Render thread/INFO] (Minecraft) [STDOUT]: 🗺️ [Nebula] ✅ Carregamento de chunks otimizado!
[11:21:21] [Render thread/INFO] (Minecraft) [STDOUT]: 📍 [Nebula] Coordinates Display inicializado!
[11:21:21] [Render thread/INFO] (Minecraft) [STDOUT]: 📍 [Nebula] ✅ Coordenadas ativadas!
[11:21:21] [Render thread/INFO] (Minecraft) [STDOUT]: 🌓 [Nebula] Day/Night Optimizer inicializado!
[11:21:21] [Render thread/INFO] (Minecraft) [STDOUT]: 🌍 [Nebula] Dimension Optimizer inicializado!
[11:21:21] [Render thread/INFO] (Minecraft) [STDOUT]: 🗺️ [Nebula] Dynamic Chunk Loader inicializado!
[11:21:21] [Render thread/INFO] (Minecraft) [STDOUT]: 🎨 [Nebula] Dynamic Shaders inicializado!
[11:21:21] [Render thread/INFO] (Minecraft) [STDOUT]: 🧹 [Nebula] Entity Cleanup inicializado!
[11:21:21] [Render thread/INFO] (Minecraft) [STDOUT]: 🧹 [Nebula] ✅ Limpeza de entidades ativada!
[11:21:21] [Render thread/INFO] (Minecraft) [STDOUT]: 🎯 [Nebula] Entity LOD System inicializado!
[11:21:21] [Render thread/INFO] (Minecraft) [STDOUT]: ⚡ [Nebula] FPS Boost Mode inicializado!
[11:21:21] [Render thread/INFO] (Minecraft) [STDOUT]: ⚡ [Nebula] ✅ Pressione F para ativar/desativar o Boost
[11:21:21] [Render thread/INFO] (Minecraft) [STDOUT]: ⚡ [Nebula] ✅ Boost automático em FPS < 20
[11:21:21] [Render thread/INFO] (Minecraft) [STDOUT]: 📡 [Nebula] Far Entity Simplifier inicializado!
[11:21:21] [Render thread/INFO] (Minecraft) [STDOUT]: 📡 [Nebula] ✅ Simplificação de entidades ativada!
[11:21:21] [Render thread/INFO] (Minecraft) [STDOUT]: ⚡ [Nebula] Faster Block Breaking inicializado!
[11:21:21] [Render thread/INFO] (Minecraft) [STDOUT]: ⚡ [Nebula] ✅ Quebra de blocos acelerada!
[11:21:21] [Render thread/INFO] (Minecraft) [STDOUT]: 🔥 [Nebula] Fire Overlay Opacity inicializado!
[11:21:21] [Render thread/INFO] (Minecraft) [STDOUT]: 🔥 [Nebula] ✅ Opacidade do fogo reduzida!
[11:21:21] [Render thread/INFO] (Minecraft) [STDOUT]: 🌙 [Nebula] Fullbright Toggle inicializado!
[11:21:21] [Render thread/INFO] (Minecraft) [STDOUT]: 🌙 [Nebula] ✅ Fullbright ativado! Pressione B para alternar
[11:21:21] [Render thread/INFO] (Minecraft) [STDOUT]: 🎮 [Nebula] Game Mode Profiles inicializado!
[11:21:21] [Render thread/INFO] (Minecraft) [STDOUT]: 🎮 [Nebula] ✅ Perfis de modo ativados!
[11:21:21] [Render thread/INFO] (Minecraft) [STDOUT]: 📦 [Nebula] Game State Compressor inicializado!
[11:21:21] [Render thread/INFO] (Minecraft) [STDOUT]: 🔧 [Nebula] Generic Mod Adapter inicializado!
[11:21:21] [Render thread/INFO] (Minecraft) [STDOUT]: 🔧 [Nebula] ⚠️ Nenhum mod adicional detectado.
[11:21:21] [Render thread/INFO] (Minecraft) [STDOUT]: 🚀 [Nebula] Launch Accelerator inicializado!
[11:21:21] [Render thread/INFO] (Minecraft) [STDOUT]: 🚀 [Nebula] ✅ Aceleração de inicialização ativada!
[11:21:21] [Render thread/INFO] (Minecraft) [STDOUT]: 💡 [Nebula] Light Updates Optimizer inicializado!
[11:21:21] [Render thread/INFO] (Minecraft) [STDOUT]: 💡 [Nebula] ✅ Otimização de luz ativada!
[11:21:21] [Render thread/INFO] (Minecraft) [STDOUT]: ⚡ [Nebula] Lighting Optimizer inicializado!
[11:21:21] [Render thread/INFO] (Minecraft) [STDOUT]: ⚡ [Nebula] ✅ Otimização de iluminação ativada!
[11:21:21] [Render thread/INFO] (Minecraft) [STDOUT]: 🧠 [Nebula] Logic Optimizer inicializado!
[11:21:21] [Render thread/INFO] (Minecraft) [STDOUT]: 🧠 [Nebula] ✅ Otimização da lógica ativada!
[11:21:21] [Render thread/INFO] (Minecraft) [STDOUT]: 💾 [Nebula] Memory Manager inicializado!
[11:21:21] [Render thread/INFO] (Minecraft) [STDOUT]: 💾 [Nebula] Memória máxima: 688 MB
[11:21:21] [Render thread/INFO] (Minecraft) [STDOUT]: 📱 [Nebula] Mobile Touch Controls inicializado!
[11:21:21] [Render thread/INFO] (Minecraft) [STDOUT]: 📱 [Nebula] 💻 Modo desktop detectado.
[11:21:21] [Render thread/INFO] (Minecraft) [STDOUT]: 🔌 [Nebula] Mod Compatibility inicializado!
[11:21:21] [Render thread/INFO] (Minecraft) [STDOUT]: 🔌 [Nebula] ✅ ModMenu v7.2.2 detectado!
[11:21:21] [Render thread/INFO] (Minecraft) [STDOUT]: 🔌 [Nebula] ✅ Compatibilidades aplicadas!
[11:21:21] [Render thread/INFO] (Minecraft) [STDOUT]: 🖥️ [Nebula] Network Optimizer inicializado!
[11:21:21] [Render thread/INFO] (Minecraft) [STDOUT]: 🖥️ [Nebula] ✅ Otimização de rede ativada!
[11:21:21] [Render thread/INFO] (Minecraft) [STDOUT]: 🧠 [Nebula] Neural Frame Predictor inicializado!
[11:21:21] [Render thread/INFO] (Minecraft) [STDOUT]: 🌙 [Nebula] Night Vision Optimizer inicializado!
[11:21:21] [Render thread/INFO] (Minecraft) [STDOUT]: 💀 [Nebula] Particle Killer inicializado!
[11:21:21] [Render thread/INFO] (Minecraft) [STDOUT]: 💀 [Nebula] ⚠️ Todas as partículas serão removidas!
[11:21:21] [Render thread/INFO] (Minecraft) [STDOUT]: 💀 [Nebula] ✅ Reflection preparado!
[11:21:21] [Render thread/INFO] (Minecraft) [STDOUT]: 🎮 [Nebula] Pixelmon Adapter inicializado!
[11:21:21] [Render thread/INFO] (Minecraft) [STDOUT]: 🎮 [Nebula] ⚠️ Pixelmon não detectado. Modo normal.
[11:21:21] [Render thread/INFO] (Minecraft) [STDOUT]: 🎃 [Nebula] Pumpkin Overlay Disabler inicializado!
[11:21:21] [Render thread/INFO] (Minecraft) [STDOUT]: 🎃 [Nebula] ✅ Overlay de abóbora desativado!
[11:21:21] [Render thread/INFO] (Minecraft) [STDOUT]: 🎯 [Nebula] Reduce Shake & Bobbing inicializado!
[11:21:21] [Render thread/INFO] (Minecraft) [STDOUT]: 🎯 [Nebula] Reduced Collisions inicializado!
[11:21:21] [Render thread/INFO] (Minecraft) [STDOUT]: 🎯 [Nebula] ✅ Colisões reduzidas ativadas!
[11:21:21] [Render thread/INFO] (Minecraft) [STDOUT]: 🧩 [Nebula] Selective Culling inicializado!
[11:21:21] [Render thread/INFO] (Minecraft) [STDOUT]: 🔮 [Nebula] Smart Chunk Loader inicializado!
[11:21:21] [Render thread/INFO] (Minecraft) [STDOUT]: 🧹 [Nebula] Smart Cleanup inicializado!
[11:21:21] [Render thread/INFO] (Minecraft) [STDOUT]: 🧹 [Nebula] ✅ Limpeza inteligente ativada!
[11:21:21] [Render thread/INFO] (Minecraft) [STDOUT]: 📊 [Nebula] Smart Resource Preloader inicializado!
[11:21:21] [Render thread/INFO] (Minecraft) [STDOUT]: 💤 [Nebula] Smart Sleep Mode inicializado!
[11:21:21] [Render thread/INFO] (Minecraft) [STDOUT]: 🎯 [Nebula] Smooth FPS inicializado!
[11:21:21] [Render thread/INFO] (Minecraft) [STDOUT]: 🎯 [Nebula] ✅ Smooth FPS aguardando inicialização do jogo...
[11:21:21] [Render thread/INFO] (Minecraft) [STDOUT]: 🗺️ [Nebula] Smooth World Loading inicializado!
[11:21:22] [Render thread/INFO] (Minecraft) [STDOUT]: 🗺️ [Nebula] ✅ Carregamento suave ativado!
[11:21:22] [Render thread/INFO] (Minecraft) [STDOUT]: 🏃 [Nebula] Sprint Optimizer inicializado!
[11:21:22] [Render thread/INFO] (Minecraft) [STDOUT]: 🔄 [Nebula] State-based Renderer inicializado!
[11:21:22] [Render thread/INFO] (Minecraft) [STDOUT]: 🖼️ [Nebula] Texture Streaming Module inicializado!
[11:21:22] [Render thread/INFO] (Minecraft) [STDOUT]: 🎨 [Nebula] AI Texture Upscaler inicializado!
[11:21:22] [Render thread/INFO] (Minecraft) [STDOUT]: ⚡ [Nebula] Thread Pool inicializado com 2 threads!
[11:21:22] [Render thread/INFO] (Minecraft) [STDOUT]: ⏱️ [Nebula] Tick Scheduling Module inicializado!
[11:21:22] [Render thread/INFO] (Minecraft) [STDOUT]: 🎨 [Nebula] Vignette Disabler inicializado!
[11:21:22] [Render thread/INFO] (Minecraft) [STDOUT]: 🎨 [Nebula] ✅ Vignette desativado!
[11:21:22] [Render thread/INFO] (Minecraft) [STDOUT]: 🔍 [Nebula] Zoom Feature inicializado!
[11:21:22] [Render thread/INFO] (Minecraft) [STDOUT]: 🔍 [Nebula] ✅ Zoom ativado! Pressione C para zoom
[11:21:22] [Render thread/INFO] (Minecraft) [STDOUT]: [Nebula] Smart Redstone Engine inicializado.
[11:21:22] [Render thread/INFO] (Minecraft) [STDOUT]: [Nebula] Falling Block Batcher inicializado.
[11:21:22] [Render thread/INFO] (Minecraft) [STDOUT]: [Nebula] Hopper Optimizer inicializado.
[11:21:22] [Render thread/INFO] (Minecraft) [STDOUT]: [Nebula] Dropped Item Optimizer inicializado.
[11:21:22] [Render thread/INFO] (Minecraft) [STDOUT]: [Nebula] Thermal Culler inicializado.
[11:21:22] [Render thread/INFO] (Minecraft) [STDOUT]: [Nebula] Animation Throttler inicializado.
[11:21:22] [Render thread/INFO] (Minecraft) [STDOUT]: [Nebula] Engine Ready!
[11:21:22] [Render thread/INFO] (Minecraft) [STDOUT]: [Nebula] ✅ Cliente carregado! 62 módulos registrados.
[11:21:22] [Render thread/INFO] (Minecraft) [STDOUT]: [Nebula] Profile: Low-End
[11:21:23] [Render thread/INFO] (Minecraft) Backend library: LWJGL version 3.3.2-snapshot
[11:21:24] [Render thread/INFO] (Minecraft) [STDERR]: [LWJGL] [ThreadLocalUtil] Unsupported JNI version detected, this may result in a crash. Please inform LWJGL developers.
[11:21:28] [Render thread/ERROR] (FabricLoader/Mixin) Mixin apply for mod nebula failed nebula.mixins.json:OverlayMixin from mod nebula -> net.minecraft.client.gui.hud.InGameHud: org.spongepowered.asm.mixin.injection.throwables.InvalidInjectionException Critical injection failure: @Inject annotation on nebula$removeVignette could not find any targets matching 'renderVignette(Lnet/minecraft/client/gui/DrawContext;Lnet/minecraft/entity/Entity;)V' in net.minecraft.client.gui.hud.InGameHud. No refMap loaded. [PREINJECT Applicator Phase -> nebula.mixins.json:OverlayMixin from mod nebula -> Prepare Injections ->  -> handler$zcf000$nebula$removeVignette(Lnet/minecraft/client/gui/DrawContext;Lnet/minecraft/entity/Entity;Lorg/spongepowered/asm/mixin/injection/callback/CallbackInfo;)V -> Parse]
org.spongepowered.asm.mixin.injection.throwables.InvalidInjectionException: Critical injection failure: @Inject annotation on nebula$removeVignette could not find any targets matching 'renderVignette(Lnet/minecraft/client/gui/DrawContext;Lnet/minecraft/entity/Entity;)V' in net.minecraft.client.gui.hud.InGameHud. No refMap loaded. [PREINJECT Applicator Phase -> nebula.mixins.json:OverlayMixin from mod nebula -> Prepare Injections ->  -> handler$zcf000$nebula$removeVignette(Lnet/minecraft/client/gui/DrawContext;Lnet/minecraft/entity/Entity;Lorg/spongepowered/asm/mixin/injection/callback/CallbackInfo;)V -> Parse]
	at org.spongepowered.asm.mixin.injection.struct.InjectionInfo.validateTargets(InjectionInfo.java:658) ~[sponge-mixin-0.13.3+mixin.0.8.5.jar:0.13.3+mixin.0.8.5]
	at org.spongepowered.asm.mixin.injection.struct.InjectionInfo.findTargets(InjectionInfo.java:589) ~[sponge-mixin-0.13.3+mixin.0.8.5.jar:0.13.3+mixin.0.8.5]
	at org.spongepowered.asm.mixin.injection.struct.InjectionInfo.readAnnotation(InjectionInfo.java:330) ~[sponge-mixin-0.13.3+mixin.0.8.5.jar:0.13.3+mixin.0.8.5]
	at org.spongepowered.asm.mixin.injection.struct.InjectionInfo.<init>(InjectionInfo.java:316) ~[sponge-mixin-0.13.3+mixin.0.8.5.jar:0.13.3+mixin.0.8.5]
	at org.spongepowered.asm.mixin.injection.struct.InjectionInfo.<init>(InjectionInfo.java:308) ~[sponge-mixin-0.13.3+mixin.0.8.5.jar:0.13.3+mixin.0.8.5]
	at org.spongepowered.asm.mixin.injection.struct.CallbackInjectionInfo.<init>(CallbackInjectionInfo.java:46) ~[sponge-mixin-0.13.3+mixin.0.8.5.jar:0.13.3+mixin.0.8.5]
	at jdk.internal.reflect.DirectConstructorHandleAccessor.newInstance(DirectConstructorHandleAccessor.java:62) ~[?:?]
	at java.lang.reflect.Constructor.newInstanceWithCaller(Constructor.java:502) ~[?:?]
	at java.lang.reflect.Constructor.newInstance(Constructor.java:486) ~[?:?]
	at org.spongepowered.asm.mixin.injection.struct.InjectionInfo$InjectorEntry.create(InjectionInfo.java:149) ~[sponge-mixin-0.13.3+mixin.0.8.5.jar:0.13.3+mixin.0.8.5]
	at org.spongepowered.asm.mixin.injection.struct.InjectionInfo.parse(InjectionInfo.java:710) ~[sponge-mixin-0.13.3+mixin.0.8.5.jar:0.13.3+mixin.0.8.5]
	at org.spongepowered.asm.mixin.transformer.MixinTargetContext.prepareInjections(MixinTargetContext.java:1329) ~[sponge-mixin-0.13.3+mixin.0.8.5.jar:0.13.3+mixin.0.8.5]
	at org.spongepowered.asm.mixin.transformer.MixinApplicatorStandard.prepareInjections(MixinApplicatorStandard.java:1053) ~[sponge-mixin-0.13.3+mixin.0.8.5.jar:0.13.3+mixin.0.8.5]
	at org.spongepowered.asm.mixin.transformer.MixinApplicatorStandard.applyMixin(MixinApplicatorStandard.java:395) ~[sponge-mixin-0.13.3+mixin.0.8.5.jar:0.13.3+mixin.0.8.5]
	at org.spongepowered.asm.mixin.transformer.MixinApplicatorStandard.apply(MixinApplicatorStandard.java:327) ~[sponge-mixin-0.13.3+mixin.0.8.5.jar:0.13.3+mixin.0.8.5]
	at org.spongepowered.asm.mixin.transformer.TargetClassContext.apply(TargetClassContext.java:422) ~[sponge-mixin-0.13.3+mixin.0.8.5.jar:0.13.3+mixin.0.8.5]
	at org.spongepowered.asm.mixin.transformer.TargetClassContext.applyMixins(TargetClassContext.java:403) ~[sponge-mixin-0.13.3+mixin.0.8.5.jar:0.13.3+mixin.0.8.5]
	at org.spongepowered.asm.mixin.transformer.MixinProcessor.applyMixins(MixinProcessor.java:363) ~[sponge-mixin-0.13.3+mixin.0.8.5.jar:0.13.3+mixin.0.8.5]
	at org.spongepowered.asm.mixin.transformer.MixinTransformer.transformClass(MixinTransformer.java:234) ~[sponge-mixin-0.13.3+mixin.0.8.5.jar:0.13.3+mixin.0.8.5]
	at org.spongepowered.asm.mixin.transformer.MixinTransformer.transformClassBytes(MixinTransformer.java:202) ~[sponge-mixin-0.13.3+mixin.0.8.5.jar:0.13.3+mixin.0.8.5]
	at net.fabricmc.loader.impl.launch.knot.KnotClassDelegate.getPostMixinClassByteArray(KnotClassDelegate.java:422) ~[fabric-loader-0.15.11.jar:?]
	at net.fabricmc.loader.impl.launch.knot.KnotClassDelegate.tryLoadClass(KnotClassDelegate.java:323) ~[fabric-loader-0.15.11.jar:?]
	at net.fabricmc.loader.impl.launch.knot.KnotClassDelegate.loadClass(KnotClassDelegate.java:218) ~[fabric-loader-0.15.11.jar:?]
	at net.fabricmc.loader.impl.launch.knot.KnotClassLoader.loadClass(KnotClassLoader.java:119) ~[fabric-loader-0.15.11.jar:?]
	at java.lang.ClassLoader.loadClass(ClassLoader.java:526) ~[?:?]
	at net.minecraft.client.MinecraftClient.<init>(MinecraftClient.java:603) ~[minecraft-merged-7787b014d4-1.20.1-net.fabricmc.yarn.1_20_1.1.20.1+build.10-v2.jar:?]
	at net.minecraft.client.main.Main.main(Main.java:211) ~[minecraft-merged-7787b014d4-1.20.1-net.fabricmc.yarn.1_20_1.1.20.1+build.10-v2.jar:?]
	at net.fabricmc.loader.impl.game.minecraft.MinecraftGameProvider.launch(MinecraftGameProvider.java:470) ~[fabric-loader-0.15.11.jar:?]
	at net.fabricmc.loader.impl.launch.knot.Knot.launch(Knot.java:74) ~[fabric-loader-0.15.11.jar:?]
	at net.fabricmc.loader.impl.launch.knot.KnotClient.main(KnotClient.java:23) ~[fabric-loader-0.15.11.jar:?]
	at net.fabricmc.devlaunchinjector.Main.main(Main.java:86) ~[dev-launch-injector-0.2.1+build.8.jar:?]
